[    0.00000] Initiaizing cgroup subsys cpuet
[    0.000000] Initializing cgroup subsys cpu
[    0.000000] nitializing cgroup subsys cpuacct
[   0.00000] Linux version 4.4.0-130-generic (buildd@lgw01-amd4-039) (gcc vesion 5.4.0 20160609 (Ubuntu 5.4.0-6ubuntu1~16.04.9) ) #156-Uuntu SMP Thu Jn 14 08:53:28 UTC 2018 (Ubuntu 4.4.0-130.156-generic 4..134)
[    0.00000] Command line: BOO_IMAGE=boot/vmlinuz-4.4.0-130-generic rot=LBEL=cloudimg-rootfs ro console=tty1 console=ttyS0
[   0.000000] KERNEL supported cpus:[    0.000000]  Intel GenuiIntel
[    0.000000]   AMD AuthenticAMD
[   0.000000]   Centaur CentaurHauls
[    0.000000] x86/fpu: xstate_offset[]:  576 xstate_sizes[2]:  256
[    0.000000] x86/fpu: Supporting XSAVE feature 0x01: 'x87 floating point registers'
[    0.000000] x86/fpu: Supporting XSAVE feature 0x02: 'SSE registers'
[    0.000000] x86/fpu: Supporting XSAVE feature 0x04: 'AVX regisers'
[    0.00000] x86/fp: Enabled xstate features 0x7, context size is 832 bytes, using 'standard' format.
[    0.000000] x86/fpu Using 'eager' FP context switches.
[    0.000000] e820: BIOS-providedphysical RAM map:
[    0.000000] BIOS-e820: [mem 0x0000000000000000-0x000000000009fbff] usable
[   0.000000] BIO-e80: [em 0x000000000009fc00-0x000000000009ffff] reserved
[    0.00000] BIOS-e820:[mem  0x00000000000f0000-0x00000000000fffff] reservd
[    .000000] BIOS-e820: [mm 0x0000000000100000-0x000000003ffeffff] usable
[    0.000000] BIOS-e820: [mem 0x000000003fff0000-0x000000003ffffff] ACPI data
[    0000000 BIOS-e820: [mem 0x00000000fec00000-0x00000000fec00fff] reserved
[    0.000000] BIOS-e820: [mem 0x00000000fee00000-0x00000000fee00fff] reserved
[    0.00000] BIOS-e820: [mem 0x00000000fffc0000-0x0000000ffffffff] reserved
[    0.000000] NX (Execute Disable) protection: active
[    0.000000] SMBIOS 2.5 present.
[    0.000000] Hypervisor detected: KVM
[    0.000000] e820: last_pfn = 0x3fff0 max_arch_pfn = 0x400000000
[    0.000000] MTRR: Disabled
[    0.000000] x86/PAT: MTRRs disabled, skipping PAT initialization too.
[    0.000000] CPU MTRRs all blank - virtualized system.
[    0.000000] x86/PAT: Configuration [0-7]: WB  WT  UC- UC  WB  WT  UC- UC  
    0.000000] found SMP MP-table at [mem 0x0009fff0-0x0009ffff] mapped at [ffff88000009fff0]
[    0.000000] Scanning 1 areas for low memory corruption
[    0.000000] RAMDISK: [mem 0x36aa4000-0x37549fff]
[    0.000000] ACPI: Early table checksum verification disabled
[    0.000000] CPI: RSDP 0x0000000000E0000 000024 (v02 VBOX  )
[    0.000000] ACPI: SDT 0x000000003FFF0030 00003C (v01 VBOX   VBOXXSDT 00000001 ASL  00000061)
    0.000000] ACPI: FACP 0x000000003FFF00F0 0000F4 (v04 VBOX   VBXXFACP 00000001 ASL  00000061)
[   0.000000] ACPI: DSDT 0x000000003FFF0470 0021FF (v02 VBOX   VBOXBIOS 00000002 INTL 20100528)
[    0.000000] ACPI: FACS 0x000000003FFF0200 000040
[    .00000] ACI: FACS 0x000000003FFF0200 000040
[    0.000000] ACPI: APIC 0x000000003FFF0240 00005C (v02 VBOX   VBOXAPIC 00000001 ASL  00000061)
[    0.000000] ACPI: SSDT 0x000000003FFF02A0 0001CC (v01 VBOX   VBOXCPUT 00000002 INTL 2010052)
[    0.000000] No NUMA configuration found
[    0.000000] Faing a node at [me 0x000000000000000-x000000003ffeffff]
[    0.000000] NDE_DATA(0) allocated [mem 0x3ffeb000-0x3ffeffff]
[    0.000000] kvm-clock: Using msrs 4b54d01 and 4b564d00
[    0.000000] kvm-clock: cpu 0, msr 0:3ffe3001, primary cpu clock
[    0.000000] kvm-clock: using sced offset of 7124655706 cycles
[    0.000000] clockource: kvm-clock: mask: 0xfffffffffffffff ma_cyles: 0xcd42e4dffb, max_idle_ns: 8815905914883 ns
[    0.000000] Zone ranges:
[    .000000]  DMA      [mem 0x0000000000001000-0x0000000000ffffff]
[    0.000000]   DMA32    [mem 0x0000000001000000-0x000000003ffeffff]
[    0.00000]   Normal   empty
[   0.000000]  Device   empty
[    0.000000] Movale zon start for ech node
[   0.00000] Ealy memory node ranges
[    0.000000]   node   0: [mem 0x0000000000001000-0x000000000009efff]
    0.000000]  node  0: [mem 0x0000000000100000-0x000000003ffeffff]
[    0.000000] Initmemsetup node 0 [mem 0x0000000000001000-0x00000003ffeffff]
[    0.00000] ACPI: PM-Time IO Pot: 0x4008
[   0.000000] IOAPIC[0]: apic_id 2, version 32, address 0xfec00000, GSI 0-23
[    0.000000] ACPI: INT_SRC_OVR (bus 0bus_irq 0 glbal_irq 2 dfl dfl)[    0.000000] ACPI: INT_SRC_OVR (bus 0 bus_ir 9 global_irq 9 low level)
[    0.000000] Using ACPI (MAT) for SMP configuration informaton
    0.000000] smpboot: Allowing 2 CPUs, 0 hotplug CPUs
[    0.000000] PM: Registered nosae memory: [mem x000000000x00000fff]
[    0.000000] PM: Registered nosave memory: [mem 0x0009f000-0x0009ffff]
[    0.000000] PM: Registered osave memory: [mem 0x000a0000-0x000effff]
[    0.000000] PM: Registered nosave memory: [mem 0x000f0000-0x000fffff]
[    0.000000] e820: [mem 0x40000000-0xfebfffff] available for PCI devices
[    0.000000] Booting paravirtualized kernel on KVM
[    0.000000] clocksource: refined-jiffies: mask: 0xffffffff max_cycles: 0xffffffff, max_idle_ns: 7645519600211568 ns
[    0.00000] setup_percpu: NR_CPUS51 nr_cpumask_bits:512 nr_cpu_ids:2 nr_node_ids:1
[    0.00000] PERCPU: Embedded 34 ages/cpu @ffff88003fc00000 s99544 r8192 d31528 u1048576
[    0.000000] PV qspinock hash table entries: 56 (order: 0, 4096 bytes)
[    0.000000] Built 1 zonlists in Nod order, mobility grouping on.  Total pages: 257912
[    0.000000] Policy zone: DMA32
[    0.000000] Kernel command line: BOOT_IMAGE=/boot/vmlinuz-4.4.0-130-generic root=LABEL=cloudimg-rootfs r console=tty1 console=ttyS0
[    0.000000] PID hash table entries: 4096 (order: 3, 32768 bytes)
[    0.000000] Memory: 1001612K/1048120K available (8546K kernel code, 1313K rwdata, 4000K rodata, 1516K ini 1316K bss, 46508K reserved, 0K cma-reserved)
[    0.000000] SLUB: HWalign=64, Order0-3, MiObjects=0, CPUs=2, Nodes=1
[    0.000000] Kernel/User page tables isolation: enabled
[    0.000000] Hierarchical RCU implementation.
[    0.000000] 	uild-time djustment of leaf fanout to 64.
[    0.000000] 	RCU restricting CPUs from NR_CPUS=512 to nr_cpu_ids=2.
[    0.00000] RCU: djusing geometry for rcu_anout_leaf=64, nr_cpu_ids=2
[    0.000000] NR_IRQS:33024 nr_irqs:440 16
[    0.000000] Console: colour VGA+ 80x25
[    0.000000] console [tty1] enabled
[    0.000000] console [ttyS0 enabled
[   0.000000] tsc: Detected 159.999 MHz processr
[    2.783345] Calibrating delay loop (skipped)) preset value.. 3199.99 BogoMIPS (lpj=6399996)
[    2.791399] pid_max: default: 32768 minimum: 301
[    2.793332] ACPI: Core revision 20150930
[    2.801105] ACPI: 2 ACPI AML tables successfully acquired and loaded
[    2.816589] Security Framework initialized
[    2.818923] Yama: becoming mindful.
[    2.824000] AppArmor: AppArmor initialized
[    2.828588] Dentry cache hash table entries: 131072 (order: 8, 1048576 bytes)
[    2.835290] Inode-cache hash table entries: 65536 (order: 7, 524288 bytes)
[    2.855607] Mount-cache hash table entries: 2048 (order: 2, 16384 bytes)
[    2.866358] Mountpoint-cache hash table entries: 2048 (order: 2, 16384 bytes)
[    2.875994] Initializing cgroup subsys io
[    2.887634] Initializing cgroup subsys memory
[    2.892302] Initializing cgroup subsys devices
[    2.900776] Initializing cgroup subsys freezer
[    2.902710] Initializing cgroup subsys net_cls
[    2.915831] Initializing cgroup subsys perf_event
[    2.918018] Initializing cgroup subsys net_prio
[    2.927031] Initializing cgroup subsys hugetlb
[    2.928865] Initializing cgroup subsys pids
[    2.930595] CPU: Physical Processor ID: 0
[    2.943222] CPU: Processor Core ID: 0
[    2.946006] mce: CPU supports 0 MCE banks
[    2.948542] Last level iTLB entries: 4KB 64, 2MB 8, 4MB 8
[    2.952068] Last level dTLB entries: 4KB 64, 2MB 0, 4MB 0, 1GB 4
[    2.963379] Spectre V2 : Mitigation: Full generic retpoline
[    2.969529] Spectre V2 : Speculation control IBPB not-supported IBRS not-supported
[    2.988159] Speculative Store Bypass: Vulnerable
[    2.993216] Freeing SMP alternatives memory: 32K
[    3.006621] ftrace: allocating 32245 entries in 126 pages
[    3.081439] smpboot: APIC(0) Converting physical 0 to logical package 0
[    3.085662] smpboot: Max logical packages: 1
[    3.089173] x2apic enabled
[    3.092063] Switched APIC routing to physical x2apic.
[    3.106567] ..TIMER: vector=0x30 apic1=0 pin1=2 apic2=-1 pin2=-1
[    3.219446] smpboot: CPU0: Intel(R) Core(TM) i5-5250U CPU @ 1.60GHz (family: 0x6, model: 0x3d, stepping: 0x4)
[    3.237201] Performance Events: unsupported p6 CPU model 61 no PMU driver, software events only.
[    3.249260] KVM setup paravirtual spinlock
[    3.252139] x86: Booting SMP configuration:
[    3.254145] .... node  #0, CPUs:      #1
[    3.256328] kvm-clock: cpu 1, msr 0:3ffe3041, secondary cpu clock
[    3.259643] mce: CPU supports 0 MCE banks
[    3.264951] x86: Booted up 1 node, 2 CPUs
[    3.267120] smpboot: Total of 2 processors activated (6399.99 BogoMIPS)
[    3.270834] devtmpfs: initialized
[    3.275743] evm: security.selinux
[    3.279228] evm: security.SMACK64
[    3.281064] evm: security.SMACK64EXEC
[    3.283450] evm: security.SMACK64TRANSMUTE
[    3.288387] evm: security.SMACK64MMAP
[    3.292532] evm: security.ima
[    3.296776] evm: security.capability
[    3.313082] clocksource: jiffies: mask: 0xffffffff max_cycles: 0xffffffff, max_idle_ns: 7645041785100000 ns
[    3.325314] futex hash table entries: 512 (order: 3, 32768 bytes)
[    3.332297] pinctrl core: initialized pinctrl subsystem
[    3.337901] RTC time: 15:08:35, date: 07/31/18
[    3.342026] NET: Registered protocol family 16
[    3.367671] cpuidle: using governor ladder
[    3.396313] cpuidle: using governor menu
[    3.410725] PCCT header not found.
[    3.423464] ACPI: bus type PCI registered
[    3.436211] acpiphp: ACPI Hot Plug PCI Controller Driver version: 0.5
[    3.457224] PCI: Using configuration type 1 for base access
[    3.496914] ACPI: Added _OSI(Module Device)
[    3.498949] ACPI: Added _OSI(Processor Device)
[    3.503099] ACPI: Added _OSI(3.0 _SCP Extensions)
[    3.531901] ACPI: Added _OSI(Processor Aggregator Device)
[    3.542013] ACPI: Executed 1 blocks of module-level executable AML code
[    3.562825] ACPI: Interpreter enabled
[    3.564552] ACPI: (supports S0 S5)
[    3.572369] ACPI: Using IOAPIC for interrupt routing
[    3.580117] PCI: Using host bridge windows from ACPI; if necessary, use "pci=nocrs" and report a bug
[    3.617623] ACPI: PCI Root Bridge [PCI0] (domain 0000 [bus 00-ff])
[    3.630114] acpi PNP0A03:00: _OSC: OS supports [ASPM ClockPM Segments MSI]
[    3.638453] acpi PNP0A03:00: _OSC: not requesting OS control; OS requires [ExtendedConfig ASPM ClockPM MSI]
[    3.647593] acpi PNP0A03:00: fail to add MMCONFIG information, can't access extended PCI configuration space under this bridge.
[    3.653202] PCI host bridge to bus 0000:00
[    3.660868] pci_bus 0000:00: root bus resource [io  0x0000-0x0cf7 window]
[    3.666375] pci_bus 0000:00: root bus resource [io  0x0d00-0xffff window]
[    3.669376] pci_bus 0000:00: root bus resource [mem 0x000a0000-0x000bffff window]
[    3.683127] pci_bus 0000:00: root bus resource [mem 0x40000000-0xfdffffff window]
[    3.689491] pci_bus 0000:00: root bus resource [bus 00-ff]
[    3.697001] pci 0000:00:01.1: legacy IDE quirk: reg 0x10: [io  0x01f0-0x01f7]
[    3.702958] pci 0000:00:01.1: legacy IDE quirk: reg 0x14: [io  0x03f6]
[    3.708397] pci 0000:00:01.1: legacy IDE quirk: reg 0x18: [io  0x0170-0x0177]
[    3.726248] pci 0000:00:01.1: legacy IDE quirk: reg 0x1c: [io  0x0376]
[    3.757315] pci 0000:00:07.0: quirk: [io  0x4000-0x403f] claimed by PIIX4 ACPI
[    3.760582] pci 0000:00:07.0: quirk: [io  0x4100-0x410f] claimed by PIIX4 SMB
[    3.776878] ACPI: PCI Interrupt Link [LNKA] (IRQs 5 9 10 *11)
[    3.782365] ACPI: PCI Interrupt Link [LNKB] (IRQs 5 9 *10 11)
[    3.787517] ACPI: PCI Interrupt Link [LNKC] (IRQs 5 *9 10 11)
[    3.796038] ACPI: PCI Interrupt Link [LNKD] (IRQs 5 9 10 *11)
[    3.800346] ACPI: Enabled 2 GPEs in block 00 to 07
[    3.805378] vgaarb: setting as boot device: PCI:0000:00:02.0
[    3.811558] vgaarb: device added: PCI:0000:00:02.0,decodes=io+mem,owns=io+mem,locks=none
[    3.815053] vgaarb: loaded
[    3.818652] vgaarb: bridge control possible 0000:00:02.0
[    3.830762] SCSI subsystem initialized
[    3.835210] ACPI: bus type USB registered
[    3.838894] usbcore: registered new interface driver usbfs
[    3.844142] usbcore: registered new interface driver hub
[    3.850253] usbcore: registered new device driver usb
[    3.870997] PCI: Using ACPI for IRQ routing
[    3.875160] NetLabel: Initializing
[    3.878207] NetLabel:  domain hash size = 128
[    3.884726] NetLabel:  protocols = UNLABELED CIPSOv4
[    3.889280] NetLabel:  unlabeled traffic allowed by default
[    3.893766] amd_nb: Cannot enumerate AMD northbridges
[    3.897204] clocksource: Switched to clocksource kvm-clock
[    3.918993] AppArmor: AppArmor Filesystem Enabled
[    3.922633] pnp: PnP ACP init
[    3.95285] pnp: PnP ACPI: found 3 devices

[    3.99114] clocksoure:acpi_pm: mask: 0xffffff max_cycles: 0xffffff, max_ile_ns: 2085701024 ns
[    4.107731] NET: Registered protocol family 2

[    4.109861] TCP established hash table entries: 8192 (order: 4, 65536 bytes)
[    4.112947] TCP bnd hah table entries: 8192 (order: 5, 131072 bytes)
[    4.169058] TCP: Hash tabes confgured (established 8192 bind 8192)
[    4.224232] UDP hash tableentries: 512 (order 2, 16384 bytes)
[    4.278842] UDP-Lite hash table entries: 512 (order: 2, 16384 bytes)
[    4.281370] NET: Rgierd proocol family 1
[    4.414959] pci 0000:00:00.0: Limiting direct PCI/PCI transfers
[    4.417682] pci 0000:00:01.0: Activating ISA DMA hang workarounds
[    4.420334] Unpacking initramfs...

[    6.631360] Freeing initrd memory: 10904K
[    633085] RAPL PMU deteted, API unit s 2^-32 Joules, 4 fixed counters 10737418240 ms ovfl timer
[   6.744245] hw unit of omain pp0-core 2^-0 Joules
[    6.867712] hw unit of domain package 2^-0 Joules
[    6.874426] hw unit of domain dram 2^-0 Joules
[    6.892158] hw unit of domain pp1-gpu 2^-0 Joules
[    6.894581] platform rtc_cmos: registered platform RTC device (no PNP device found)
[    6.902926] Scanning for low memory corruption every 60 seconds
[    6.907470] audit: initializing netlink subsys (disabled)
[    6.911573] audit: type=2000 audit(1533049723.891:1): initialized
[    6.921841] Initialise system trusted keyring
[    6.925501] HugeTLB registered 2 MB page size, pre-allocated 0 pages
[    6.929858] zbud: loaded
[    6.931880] VFS: Disk quotas dquot_6.6.0
[    6.933900] VFS: Dquot-cache hash table entries: 512 (order 0, 4096 bytes)
[    6.939788] squashfs: version 4.0 (2009/01/31) Phillip Lougher
[    6.942679] fuse init (API version 7.23)
[    6.948567] Key type big_key registered
[    6.954301] Allocating IMA MOK and blacklist keyrings.
[    6.970955] Key type asymmetric registered
[    6.976594] Asymmetric key parser 'x509' registered
[    6.999562] Block layer SCSI generic (bsg) driver version 0.4 loaded (major 249)
[    7.010765] io scheduler noop registered
[    7.016083] io scheduler deadline registered (default)
[    7.020978] io scheduler cfq registered
[    7.024993] pci_hotplug: PCI Hot Plug PCI Core version: 0.5
[    7.047522] pciehp: PCI Express Hot Plug Controller Driver version: 0.4
[    7.052677] ACPI: AC Adapter [AC] (on-line)
[    7.057308] input: Power Button as /devices/LNXSYSTM:00/LNXPWRBN:00/input/input0
[    7.060504] ACPI: Power Button [PWRF]
[    7.068968] input: Sleep Button as /devices/LNXSYSTM:00/LNXSLPBN:00/input/input1
[    7.076944] ACPI: Sleep Button [SLPF]
[    7.079192] GHES: HEST is not enabled!
[    7.082577] ACPI: Battery Slot [BAT0] (battery present)
[    7.087774] Serial: 8250/16550 driver, 32 ports, IRQ sharing enabled
[    7.120748] 00:02: ttyS0 at I/O 0x3f8 (irq = 4, base_baud = 115200) is a 16550A
[    7.133627] Linux agpgart interface v0.103
[    7.138862] loop: module loaded
[    7.141351] scsi host0: ata_piix
[    7.146220] scsi host1: ata_piix
[    7.157788] ata1: PATA max UDMA/33 cmd 0x1f0 ctl 0x3f6 bmdma 0xd000 irq 14
[    7.169486] ata2: PATA max UDMA/33 cmd 0x170 ctl 0x376 bmdma 0xd008 irq 15
[    7.190878] libphy: Fixed MDIO Bus: probed
[    7.194510] tun: Universal TUN/TAP device driver, 1.6
[    7.200954] tun: (C) 1999-2004 Max Krasnyansky <maxk@qualcomm.com>
[    7.204993] PPP generic driver version 2.4.2
[    7.210664] ehci_hcd: USB 2.0 'Enhanced' Host Controller (EHCI) Driver
[    7.214854] ehci-pci: EHCI PCI platform driver
[    7.219118] ehci-platform: EHCI generic platform driver
[    7.221329] ohci_hcd: USB 1.1 'Open' Host Controller (OHCI) Driver
[    7.223684] ohci-pci: OHCI PCI platform driver
[    7.225463] ohci-platform: OHCI generic platform driver
[    7.232447] uhci_hcd: USB Universal Host Controller Interface driver
[    7.248326] i8042: PNP: PS/2 Controller [PNP0303:PS2K,PNP0f03:PS2M] at 0x60,0x64 irq 1,12
[    7.257358] serio: i8042 KBD port at 0x60,0x64 irq 1
[    7.262501] serio: i8042 AUX port at 0x60,0x64 irq 12
[    7.265314] mousedev: PS/2 mouse device common for all mice
[    7.274247] rtc_cmos rtc_cmos: rtc core: registered rtc_cmos as rtc0
[    7.278991] input: AT Translated Set 2 keyboard as /devices/platform/i8042/serio0/input/input2
[    7.281368] rtc_cmos rtc_cmos: alarms up to one day, 114 bytes nvram
[    7.281385] i2c /dev entries driver
[    7.281459] device-mapper: uevent: version 1.0.3
[    7.281542] device-mapper: ioctl: 4.34.0-ioctl (2015-10-28) initialised: dm-devel@redhat.com
[    7.281563] ledtrig-cpu: registered to indicate activity on CPUs
[    7.281874] NET: Registered protocol family 10
[    7.282039] NET: Registered protocol family 17
[    7.282049] Key type dns_resolver registered
[    7.282301] registered taskstats version 1
[    7.282323] Loading compiled-in X.509 certificates
[    7.283030] Loaded X.509 cert 'Build time autogenerated kernel key: b3e0fe4bcd6378c38a2c0a4648abbc1fa5043a22'
[    7.283049] zswap: loaded using pool lzo/zbud
[    7.284966] Key type trusted registered
[    7.288516] Key type encrypted registered
[    7.288527] AppArmor: AppArmor sha1 policy hashing enabled
[    7.288530] ima: No TPM chip found, activating TPM-bypass!
[    7.288535] ima: Allocated hash algorithm: sha1
[    7.288550] evm: HMAC attrs: 0x1
[    7.288941]   Magic number: 10:990:134
[    7.288969] pci 0000:00:03.0: hash matches
[    7.289747] rtc_cmos rtc_cmos: setting system clock to 2018-07-31 15:08:39 UTC (1533049719)
[    7.289848] BIOS EDD facility v0.16 2004-Jun-25, 0 devices found
[    7.289849] EDD information not available.
[    7.575794] Freeing unused kernel memory: 1516K
[    7.891908] Write protecting the kernel read-only data: 14336k
[    7.894872] tsc: Refined TSC clocksource calibration: 1598.903 MHz
[    7.897638] clocksource: tsc: mask: 0xffffffffffffffff max_cycles: 0x170c18c2c28, max_idle_ns: 440795282070 ns
[    8.169581] Freeing unused kernel memory: 1680K
[    8.175446] Freeing unused kernel memory: 96K
Loading, please wait...
starting version 229
[    8.206848] random: systemd-udevd: uninitialized urandom read (16 bytes read, 5 bits of entropy available)
[    8.207987] random: udevadm: uninitialized urandom read (16 bytes read, 5 bits of entropy available)
[    8.208008] random: udevadm: uninitialized urandom read (16 bytes read, 5 bits of entropy available)
[    8.218124] random: udevadm: uninitialized urandom read (16 bytes read, 5 bits of entropy available)
[    8.218173] random: udevadm: uninitialized urandom read (16 bytes read, 5 bits of entropy available)
[    8.218315] random: udevadm: uninitialized urandom read (16 bytes read, 5 bits of entropy available)
[    8.218368] random: udevadm: uninitialized urandom read (16 bytes read, 5 bits of entropy available)
[    8.218422] random: udevadm: uninitialized urandom read (16 bytes read, 5 bits of entropy available)
[    8.218473] random: udevadm: uninitialized urandom read (16 bytes read, 5 bits of entropy available)
[    8.218523] random: udevadm: uninitialized urandom read (16 bytes read, 5 bits of entropy available)
[    8.384292] Fusion MPT base driver 3.04.20
[    8.401108] Copyright (c) 1999-2008 LSI Corporation
[    8.416613] e1000: Intel(R) PRO/1000 Network Driver - version 7.3.21-k8-NAPI
[    8.439341] e1000: Copyright (c) 1999-2006 Intel Corporation.
[    8.460701] AVX2 version of gcm_enc/dec engaged.
[    8.463479] AES CTR mode by8 optimization enabled
[    8.501316] Fusion MPT SPI Host driver 3.04.20
[    8.686982] input: ImExPS/2 Generic Explorer Mouse as /devices/platform/i8042/serio1/input/input4
[    8.977920] e1000 0000:00:03.0 eth0: (PCI:33MHz:32-bit) 02:c5:fa:e6:4f:6d
[    8.980774] e1000 0000:00:03.0 eth0: Intel(R) PRO/1000 Network Connection
[    8.990972] e1000 0000:00:03.0 enp0s3: renamed from eth0
[    9.003247] mptbase: ioc0: Initiating bringup
[    9.082368] ioc0: LSI53C1030 A0: Capabilities={Initiator}
[    9.783884] scsi host2: ioc0: LSI53C1030 A0, FwRev=00000000h, Ports=1, MaxQ=256, IRQ=20
[   11.524081] scsi 2:0:0:0: Direct-Access     VBOX     HARDDISK         1.0  PQ: 0 ANSI: 5
[   11.542612] scsi target2:0:0: Beginning Domain Validation
[   11.564108] scsi target2:0:0: Domain Validation skipping write tests
[   11.583821] scsi target2:0:0: Ending Domain Validation
[   11.590028] scsi target2:0:0: asynchronous
[   11.599829] scsi 2:0:1:0: Direct-Access     VBOX     HARDDISK         1.0  PQ: 0 ANSI: 5
[   11.604488] scsi target2:0:1: Beginning Domain Validation
[   11.615565] scsi target2:0:1: Domain Validation skipping write tests
[   11.619319] scsi target2:0:1: Ending Domain Validation
[   11.621112] scsi target2:0:1: asynchronous
[   11.635315] sd 2:0:0:0: Attached scsi generic sg0 type 0
[   11.635441] sd 2:0:0:0: [sda] 20971520 512-byte logical blocks: (10.7 GB/10.0 GiB)
[   11.635759] sd 2:0:0:0: [sda] Write Protect is off
[   11.635938] sd 2:0:0:0: [sda] Incomplete mode parameter data
[   11.635940] sd 2:0:0:0: [sda] Assuming drive cache: write through
[   11.638954]  sda: sda1
[   11.639736] sd 2:0:0:0: [sda] Attached SCSI disk
[   11.671559] sd 2:0:1:0: Attached scsi generic sg1 type 0
[   11.671736] sd 2:0:1:0: [sdb] 20480 512-byte logical blocks: (10.5 MB/10.0 MiB)
[   11.672179] sd 2:0:1:0: [sdb] Write Protect is off
[   11.672398] sd 2:0:1:0: [sdb] Incomplete mode parameter data
[   11.672400] sd 2:0:1:0: [sdb] Assuming drive cache: write through
[   11.675627] sd 2:0:1:0: [sdb] Attached SCSI disk
Begin: Loading essential drivers ... [   13.177213] md: linear personality registered for level -1
[   13.190055] md: multipath personality registered for level -4
[   13.195953] md: raid0 personality registered for level 0
[   13.202153] md: raid1 personality registered for level 1
[   13.277424] raid6: sse2x1   gen()  7864 MB/s
[   13.357540] raid6: sse2x1   xor()  5916 MB/s
[   13.425497] raid6: sse2x2   gen()  9728 MB/s
[   13.497512] raid6: sse2x2   xor()  6239 MB/s
[   13.569473] raid6: sse2x4   gen() 10860 MB/s
[   13.637536] raid6: sse2x4   xor()  7626 MB/s
[   13.705453] raid6: avx2x1   gen()  6172 MB/s
[   13.777337] raid6: avx2x2   gen() 11308 MB/s
[   13.853441] raid6: avx2x4   gen() 20038 MB/s
[   13.855513] raid6: using algorithm avx2x4 gen() 20038 MB/s
[   13.863603] raid6: using avx2x2 recovery algorithm
[   13.867813] xor: automatically using best checksumming function:
[   13.909331]    avx       : 20984.000 MB/sec
[   13.914703] async_tx: api initialized (async)
[   13.927387] md: raid6 personality registered for level 6
[   13.929776] md: raid5 personality registered for level 5
[   13.934485] md: raid4 personality registered for level 4
[   13.946558] md: raid10 personality registered for level 10
done.
Begin: Running /scripts/init-premount ... done.
Begin: Mounting root file system ... Begin: Running /scripts/local-top ... done.
Begin: Running /scripts/local-premount ... [   13.996418] Btrfs loaded
Scanning for Btrfs filesystems
done.
Warning: fsck not present, so skipping root file system
[   14.091382] EXT4-fs (sda1): mounted filesystem with ordered data mode. Opts: (null)
done.
Begin: Running /scripts/local-bottom ... done.
Begin: Running /scripts/init-bottom ... done.
[   14.424135] systemd[1]: systemd 229 running in system mode. (+PAM +AUDIT +SELINUX +IMA +APPARMOR +SMACK +SYSVINIT +UTMP +LIBCRYPTSETUP +GCRYPT +GNUTLS +ACL +XZ -LZ4 +SECCOMP +BLKID +ELFUTILS +KMOD -IDN)
[   14.443315] systemd[1]: Detected virtualization oracle.
[   14.458531] systemd[1]: Detected architecture x86-64.

Welcome to [1mUbuntu 16.04.4 LTS[0m!

[   14.484567] systemd[1]: Set hostname to <ubuntu>.
[   14.497652] systemd[1]: Initializing machine ID from random generator.
[   14.509865] systemd[1]: Installed transient /etc/machine-id file.
[   15.121611] systemd[1]: Started Trigger resolvconf update for networkd DNS.
[[0;32m  OK  [0m] Started Trigger resolvconf update for networkd DNS.
[   15.158464] systemd[1]: Listening on Syslo Socket.

[[0;32m  OK  [0m] Listening on Syslog Socket.
[   15.198449] systemd[1]: Listening on LVM2 metadata daemon socket.
[[0;32m  OK  [0m] Listening on LVM2 metadata daemon socket.
[   15.218028] systemd[1]: Listening on udev Control Socket.
[[0;32m  OK  [0m] Listening on udev Control Socket.
[   15.230721] systemd[1]: Listening on LVM2 poll daemon socket.
[[0;32m  OK  [0m] Listening on LVM2 poll daemon socket.
[   15.250814] systemd[1]: Created slice System Slice.
[[0;32m  OK  [0m] Created slice System Slice.
[   15.270273] systemd[1]: Listening on udev Kernel Socket.
[[0;32m  OK  [0m] Listening on udev Kernel Socket.
[   15.284242] systemd[1]: Listening on Journal Socket (/dev/log).
[[0;32m  OK  [0m] Listening on Journal Socket (/dev/log).
[  15.32972] systemd[1]: Started orward Password Reqests to Wall Directory Watch.

[[0;32m  OK  [0m] Started Forward Password Requests to Wall Directory Watch.
[   15.470476] systemd[1]: Listening on Device-mapper event daemon FIFOs.
[[0;32m  OK  [0m] Listening on Device-mapper event daemon FIFOs.
[   15.493119] systemd[1]: Reached target Encrypted Volumes.
[[0;32m  OK  [0m] Reached target Encrypted Volumes.
[   15.499367] systemd[1]: Listening on Journal Socket.
[[0;32m  OK  [0m] Listening on Journal Socket.
[   15.530163] systemd[1]: Mounting POSIX Message Queue File System...
         Mounting POSIX Message Queue File System...
[   15.586240] systemd[1]: Starting Monitoring of LVM2 mirrors, snapshots etc. using dmeventd or progress polling...
         Starting Monitoring of LVM2 mirrors... dmeventd or progress polling...
[   15.611225] systemd[1]: Mounting Huge Pages File System...
         Mounting Huge Pages File System...
[   15.635447] systemd[1]: Starting Nameserver information manager...
         Starting Nameserver information manager...
[   15.662101] systemd[1]: Reached target System Time Synchronized.
[[0;32m  OK  [0m] Reached target System Time Synchronized.
[   15.713985] systemd[1]: Starting Set console keymap...
[   15.726558] random: nonblocking pool is initialized
         Starting Set console keymap...
[   15.755120] systemd[1]: Mounting Debug File System...
         Mounting Debug File System...
[   15.780580] systemd[1]: Starting Load Kernel Modules...
         Starting Load Kernel Modules...
[   15.790963] systemd[1]: Starting Create list of required static device nodes for the current kernel...
         Starting Create list of required st... nodes for the cu[   15.812726] Loading iSCSI transport class v2.0-870.
rrent kernel...
[   15.816313] systemd[1]: Created slice User and Session Slice.
[[0;32m  OK  [0m] Created slice User and Session Slice.
[   15.825277] systemd[1]: Reached target Slices.
[[0;32m  OK  [0m] Reached target Slices.
[   15.829649] systemd[1]: Listening on Journal Audit Socket.
[[0;32m  OK  [0m] Listening on Journal Audit Socket.
[   15.836555] systemd[1]: Starting Remount Root and Kernel File Systems...
         Startin[   15.844705] EXT4-fs (sda1): re-mounted. Opts: (null)
g Remount Root and Kernel File S[   15.864147] iscsi: registered transport (tcp)
ystems...
[   15.875951] systemd[1]: Starting Uncomplicated firewall...
         Starting Uncomplicated firewall...
[   15.881579] systemd[1]: Set up automount Arbitrary Executable File Formats File System Automount Point.
[[0;32m  OK  [0m] Set up automount Arbitrary Executab...ats Fi[   15.917356] iscsi: registered transport (iser)
le System Automount Point.
[   15.938987] systemd[1]: Reached target Swap.
[[0;32m  OK  [0m] Reached target Swap.
[   15.961835] systemd[1]: Starting Journal Service...
         Starting Journal Service...
[   15.987077] systemd[1]: Listening on /dev/initctl Compatibility Named Pipe.
[[0;32m  OK  [0m] Listening on /dev/initctl Compatibility Named Pipe.
[   16.115481] systemd[1]: Created slice system-serial\x2dgetty.slice.
[[0;32m  OK  [0m] Created slice system-serial\x2dgetty.slice.
[   16.151109] systemd[1]: Reached target User and Group Name Lookups.
[[0;32m  OK  [0m] Reached target User and Group Name Lookups.
[   16.191584] systemd[1]: Mounted POSIX Message Queue File System.
[[0;32m  OK  [0m] Mounted POSIX Message Queue File System.
[   16.200192] systemd[1]: Mounted Huge Pages File System.
[[0;32m  OK  [0m] Mounted Huge Pages File System.
[   16.218047] systemd[1]: Mounted Debug File System.
[[0;32m  OK  [0m] Mounted Debug File System.
[   16.227722] systemd[1]: Started Journal Service.
[[0;32m  OK  [0m] Started Journal Service.
[[0;32m  OK  [0m] Started Set console keymap.
[[0;32m  OK  [0m] Started Load Kernel Modules.
[[0;32m  OK  [0m] Started Create list of required sta...ce nodes for the current kernel.
[[0;32m  OK  [0m] Started Remount Root and Kernel File Systems.
[[0;32m  OK  [0m] Started Uncomplicated firewall.
[[0;32m  OK  [0m] Started Nameserver information manager.
[[0;32m  OK  [0m] Started LVM2 metadata daemon.
         Starting Load/Save Random Seed...
         Starting udev Coldplug all Devices...
         Starting Create Static Device Nodes in /dev...
         Mounting FUSE Control File System...
         Starting Apply Kernel Variables...
         Starting Flush Journal to Persistent Storage...
[[0;32m  OK  [0m] Mounted FUSE Control File System.
[[0;32m  OK  [0m] Started Load/Save Random Seed.
[[0;32m  OK  [0m] Started Create Static Device Nodes in /dev.
[[0;32m  OK  [0m] Started Apply Kernel Variables.
[[0;32m  OK  [0m] Started udev Coldplug all Devices.
[[0;32m  OK  [0m] Started Flush Journal to Persistent Storage.
         Starting udev Kernel Device Manager...
[[0;32m  OK  [0m] Started udev Kernel Device Manager.
[[0;32m  OK  [0m] Started Dispatch Password Requests to Console Directory Watch.
[[0;32m  OK  [0m] Started Monitoring of LVM2 mirrors,...ng dmeventd or progress polling.
[[0;32m  OK  [0m] Reached target Local File Systems (Pre).
[[0;32m  OK  [0m] Reached target Local File Systems.
         Starting Initial cloud-init job (pre-networking)...
         Starting LSB: AppArmor initialization...
         Starting Create Volatile Files and Directories...
         Starting Commit a transient machine-id on disk...
         Starting Tell Plymouth To Write Out Runtime Data...
         Starting Set console font and keymap...
[[0;32m  OK  [0m] Started Create Volatile Files and Directories.
[[0;32m  OK  [0m] Started Commit a transient machine-id on disk.
[[0;32m  OK  [0m] Started Tell Plymouth To Write Out Runtime Data.
[[0;32m  OK  [0m] Found device /dev/ttyS0.
         Starting Update UTMP about System Boot/Shutdown...
[[0;32m  OK  [0m] Started Update UTMP about System Boot/Shutdown.
[[0;32m  OK  [0m] Listening on Load/Save RF Kill Switch Status /dev/rfkill Watch.
[[0;32m  OK  [0m] Started LSB: AppArmor initialization.
[[0;32m  OK  [0m] Started Set console font and keymap.
[[0;32m  OK  [0m] Created slice system-getty.slice.
[   16.047433] cloud-init[471]: Cloud-init v. 18.2 running 'init-local' at Tue, 31 Jul 2018 15:08:51 +0000. Up 15.45 seconds.
[[0;32m  OK  [0m] Started Initial cloud-init job (pre-networking).
[[0;32m  OK  [0m] Reached target Network (Pre).
         Starting Raise network interfaces...
[[0;32m  OK  [0m] Started Raise network interfaces.
         Starting Initial cloud-init job (metadata service crawler)...
[[0;32m  OK  [0m] Reached target Network.
[   17.986290] cloud-init[955]: Cloud-init v. 18.2 running 'init' at Tue, 31 Jul 2018 15:08:52 +0000. Up 16.99 seconds.
[   18.051325] [cloud-init[0;32m  OK  [0m[955]: ] ci-info: +++++++++++++++++++++++++++++++++++++Net device info++++++++++++++++++++++++++++++++++++++Started Initial cloud-init job (metadata service crawler).

[   18.109421] [[0;32m  OK  [0m] Reached target System Initialization.
cloud-init[955]: ci-info: +--------+------+----------------------------+---------------+-------+-------------------+
[[0;32m  OK  [0m] Started Daily apt download activities.
[   18.112206] cloud-init[955]: ci-info: | Device |  Up  |          Address           |      Mask     | Scope |     Hw-Address    |
[   18.188556] [[0;32m  OK  [0m] Started ACPI Events Check.
[[0;32m  OK  [0m] Reached target Paths.
cloud-init[955]: ci-info: +--------+------+----------------------------+---------------+-------+-------------------+
[   18.220391] [[0;32m  OK  [0m] Listening on UUID daemon activation socket.
cloud-init[955]: ci-info: | enp0s3 | True |         10.0.2.15          | 255.255.255.0 |   .   | 02:c5:fa:e6:4f:6d |
[[0;32m  OK  [0m] Listening on D-Bus System Message Bus Socket.
[[0;32m  OK  [0m] Started Daily apt upgrade and clean activities.
[   18.224269] cloud-init[955]: ci-info: | enp0s3 | True | fe80::c5:faff:fee6:4f6d/64 |       .       |  link | 02:c5:fa:e6:4f:6d |
[   18.333507] cloud-init[955]: ci-info: |   lo   | True |         127.0.0.1          |   255.0.0.0   |   .   |         .         |
[   18.377541] cloud-init[955]: ci-info: |   lo   | True |          ::1/128           |       .       |  host |         .         |
[   18.437087] cloud-init[955]: ci-info: +--------+------+----------------------------+---------------+-------+-------------------+
[   18.488757] cloud-init[955]: ci-info: +++++++++++++++++++++++++++Route IPv4 info++++++++++++++++++++++++++++
         Starting LXD - unix socket.
[[0;32m  OK  [0m] Started Daily Cleanup of Temporary Directories.
[[   18.506949] cloud-init[955]: ci-info: +-------+-------------+----------+---------------+-----------+-------+
[   18.533552] cloud-init[955]: ci-info: | Route | Destination | Gateway  |    Genmask    | Interface | Flags |
[0;32m  OK  [0m] Reached target Timers.
[   18.533974] cloud-init[955]: ci-info: +-------+-------------+----------+---------------+-----------+-------+
[   18.582102] [cloud-init[0;32m  OK  [0m[955]: ] ci-info: |   0   |   0.0.0.0   | 10.0.2.2 |    0.0.0.0    |   enp0s3  |   UG  |Listening on ACPID Listen Socket.

[   18.583891] cloud-init[955]: ci-info: |   1   |   10.0.2.0  | 0.0.0.0  | 255.255.255.0 |   enp0s3  |   U   |
         [   18.650893] cloud-init[955]: ci-info: +-------+-------------+----------+---------------+-----------+-------+
Starting Socket activation for snappy daemon.
[[   18.656576] cloud-init[955]: Generating public/private rsa key pair.
[   18.734774] cloud-init[955]: Your identification has been saved in /etc/ssh/ssh_host_rsa_key.
[0;32m  OK  [0m] Reached target Cloud-config availability.
[   18.735191] cloud-init[955]: Your public key has been saved in /etc/ssh/ssh_host_rsa_key.pub.
[   19.054213] cloud-init[955]: The key fingerprint is:
[[0;32m  OK  [0m] Reached target Network is Online.
[   19.056798] cloud-init[955]: SHA256:wIEgjgNtH1xPr12DcDfkUHgOQTVwr4uc4hH/0Vnjmk8 root@ubuntu-xenial
[   19.161437] cloud-init[955]: The key's randomart image is:
[   19.176549] cloud-init         Starting iSCSI initiator daemon (iscsid)...
[[0;32m  OK  [0m] Listening on LXD - unix socket.
[[0;32m  OK  [0m] Listening on Socket activation for snappy daemon.
[955]: +---[RSA 2048]----+
[   19.213255] cloud-init[955]: |o..o oo o.*BO    |
[   19.214288] cloud-init[955]: |+.o +. + +o*.+   |[
[0;32m  OK  [0m] Reached target Sockets.
[[   19.215583] cloud-init[955]: |oo . .o . o++ .  |
[   19.242063] [0;32m  OK  [0mcloud-init] [955]: Reached target Basic System.| .  .  . o ..o   |

[   19.261896] cloud-init[955]:          Starting Apply the settings specified in cloud-config...
|        S . .  ..|
         [   19.271772] cloud-init[955]: |         + o o.o.|
[   19.271864] cloud-init[955]: |        o = o oE |
[   19.271912] cloud-init[955]: |       . o . .+  |
[   19.271969] cloud-init[955]: |        .   .o.. |
Starting Login Service...
[[0;32m  OK  [0m] [   19.272591] cloud-init[955]: +----[SHA256]-----+
[   19.318940] cloud-initStarted Unattended Upgrades Shutdown.
[955]: Generating public/private dsa key pair.
[   19.348779] cloud-init[955]: Your identification has been saved in /etc/ssh/ssh_host_dsa_key.         Starting System Logging Service...

[   19.364304] cloud-init[955]: Your public key has been saved in /etc/ssh/ssh_host_dsa_key.pub.[[0;32m  OK  [0m] Started Regular background program processing daemon.
         Starting LSB: MD monitoring daemon...

[[0;32m  OK  [0m] Started ACPI event daemon.
[   19.418853] cloud-init[955]: The key fingerprint is:
[   19.461814] cloud-init[955]: SHA256:OMsZlbt80cgbAvnsRI3mvg6+CcppEINXsHt5pjl/QqM root@ubuntu-xenial
[   19.466839] cloud-init[955]: The key's randomart image is:
[   19.470879] cloud-init[955]: +---[DSA 1024]----+
[   19.474288] cloud-init         Starting LSB: Record successful boot for GRUB...
[[0;32m  OK  [0m] Started D-Bus System Message Bus.
[955]: |  ..             |
[   19.513948] cloud-init[955]: |   ..  . +       |
[   19.517003] cloud-init[955]: |. ..  o * .      |
[   19.521423] cloud-init[955]: |+ .. . X o o     |
[   19.531575] cloud-init[955]: | +. o * S = .    |
[   19.538084] cloud-init[955]: |.  . *oX o +     |
[   19.541082] cloud-init[955]: | .  =o=.= o      |
[   19.545510] cloud-init[955]: | ..oE=.o.o       |
[   19.548567] cloud-init[955]: | .+   ==o        |
[   19.551241] cloud-init[955]: +----[SHA256]-----+
[   19.560732] cloud-init[955]: Generating public/private ecdsa key pair.
[   19.565011] cloud-init[955]: Your identification has been saved in /etc/ssh/ssh_host_ecdsa_key.
[   19.569436] cloud-init[955]: Your public key has been saved in /etc/ssh/ssh_host_ecdsa_key.pub.
[   19.592210] cloud-init[955]: The key fingerprint is:
[   19.592735] cloud-init[955]: SHA256:cZ+Nh1YcEbsYHA9r/r3LhgZ/2t+yxY7jHB+XONWqUQs root@ubuntu-xenial
[   19.595021] cloud-init[955]: The key's randomart image is:
[[0;32m  OK  [0m] Started FUSE filesystem for LXC.
[   19.596805] cloud-init[955]: +---[ECDSA 256]---+
[   19.626567] cloud-init[955]: |            o +o |
[[0;32m  OK  [0m] Started Deferred execution scheduler.
         Starting Virtualbox guest utils...
[   19.635860] cloud-init[955]: |           . * o |
         Starting Snappy daemon...
[   19.658566] cloud-init[955]: |        . . = =  |
[   19.686210] cloud-init[955]: |         o + O ..|
         Starting Accounts Service...
         Starting /etc/rc.local Compatibility...
[   19.695305] cloud-init[955]: |        S   E =..|
         Starting Pollinate to seed the pseudo random number generator...
[   19.760955] cloud-init[955]: |           o =o=.|
[   19.833187] cloud-init[955]: |            +o*o=|
[   19.834826] cloud-init[955]: |             B*O=|
         Starting LXD - container startup/shutdown...
[   19.835488] cloud-init[955]: |            ooOOB|
[   19.857661] cloud-init[955]: +----[SHA256]-----+
[[0;32m  OK  [0m[   19.873238] cloud-init[955]: Generating public/private ed25519 key pair.
[   19.873643] cloud-init[955]: Your identification has been saved in /etc/ssh/ssh_host_ed25519_key.
] Started System Logging Service.
[   19.876926] cloud-init[955]: Your public key has been saved in /etc/ssh/ssh_host_ed25519_key.pub.
[[0;32m  OK  [0m] Started /etc/rc.local Compatibility.
[   19.940471] [cloud-init[0;32m  OK  [0m[955]: ] The key fingerprint is:Started iSCSI initiator daemon (iscsid).

[   19.973952] cloud-init[955]: SHA256:kNr+aLzc75bHo8jWd20jaUZG812Oq435t5Iwrp/WHbs root@ubuntu-xenial
[   20.011936] cloud-init[955]: The key's randomart image is:
[   20.030875] cloud-init[955]: +--[ED25519 256]--+
[   20.044049] cloud-init[955]: |                 |
[   20.052611] cloud-init[955]: |       .         |
[   20.097024] [cloud-init[0;32m  OK  [0m[955]: ] |      o          |Started LSB: MD monitoring daemon.

[   20.098124] [cloud-init[0;32m  OK  [0m[955]: ] |     o .     o  .|Started LSB: Record successful boot for GRUB.

[   20.142993] cloud-init[955]: |    . . S   . ooo|
[   20.185407] cloud-init[955]: |     .     o o.oo|
[   20.212973] [cloud-init[0;32m  OK  [0m[955]: ] |     ..  ..o* +oo|Started Login Service.

[[0;32m  OK  [0m] Started Snappy daemon.
[   20.214150] cloud-init[955]: |     .o=..+o*%o++|[
[0;32m  OK  [0m] Started Virtualbox guest utils.
[   20.279057] [cloud-init[0;32m  OK  [0m[955]: ] |     .+o==B**==E+|Started LXD - container startup/shutdown.

[   20.279949] cloud-init[955]: +----[SHA256]-----+
         Starting Wait until snapd is fully seeded...
[   20.339902] cloud-init[1047]: Generating locales (this might take a while)...
         Starting Authenticate and Authorize Users to Run Privileged Tasks...
         Starting Login to default iSCSI targets...
[[0;32m  OK  [0m] Started Pollinate to seed the pseudo random number generator.
[[0;32m  OK  [0m] Started Authenticate and Authorize Users to Run Privileged Tasks.
[[0;32m  OK  [0m] Started Accounts Service.
         Starting OpenBSD Secure Shell server...
[[0;32m  OK  [0m] Started OpenBSD Secure Shell server.
[[0;32m  OK  [0m] Started Login to default iSCSI targets.
[[0;32m  OK  [0m] Reached target Remote File Systems (Pre).
[[0;32m  OK  [0m] Reached target Remote File Systems.
         Starting Permit User Sessions...
         Starting LSB: Set the CPU Frequency Scaling governor to "ondemand"...
         Starting LSB: automatic crash report generation...
         Starting LSB: daemon to balance interrupts for SMP systems...
[[0;32m  OK  [0m] Started Permit User Sessions.
[[0;32m  OK  [0m] Started LSB: Set the CPU Frequency Scaling governor to "ondemand".
         Starting Terminate Plymouth Boot Screen...
         Starting Hold until boot process finishes up...
[[0;32m  OK  [0m] Started LSB: automatic crash report generation.
[[0;32m  OK  [0m] Started LSB: daemon to balance interrupts for SMP systems.
[[0;32m  OK  [0m] Started Terminate Plymouth Boot Screen.
[[0;32m  OK  [0m] Started Hold until boot process finishes up.
         Starting Set console scheme...
[[0;32m  OK  [0m] Started Getty on tty1.
[[0;32m  OK  [0m] Started Serial Getty on ttyS0.
[[0;32m  OK  [0m] Reached target Login Prompts.
[[0;32m  OK  [0m] Started Set console scheme.
[[0;32m  OK  [0m] Created slice User Slice of vagrant.
         Starting User Manager for UID 1000...
[[0;32m  OK  [0m] Started User Manager for UID 1000.
[[0;32m  OK  [0m] Started Wait until snapd is fully seeded.
[[0;32m  OK  [0m] Started Session 1 of user vagrant.
[[0;32m  OK  [0m] Reached target Multi-User System.
[[0;32m  OK  [0m] Reached target Graphical Interface.
         Starting Update UTMP about System Runlevel Changes...
[[0;32m  OK  [0m] Started Update UTMP about System Runlevel Changes.
[   21.829478] cloud-init[1047]:   en_US.UTF-8... done
[   21.849707] cloud-init[1047]: Generation complete.
[   22.757930] cloud-init[1047]: Cloud-init v. 18.2 running 'modules:config' at Tue, 31 Jul 2018 15:08:55 +0000. Up 19.69 seconds.
[[0;32m  OK  [0m] Started Apply the settings specified in cloud-config.
         Starting Execute cloud user/final scripts...
ci-info: no authorized ssh keys fingerprints found for user ubuntu.
<14>Jul 31 15:08:59 ec2: 
<14>Jul 31 15:08:59 ec2: #############################################################
<14>Jul 31 15:08:59 ec2: -----BEGIN SSH HOST KEY FINGERPRINTS-----
<14>Jul 31 15:08:59 ec2: 1024 SHA256:OMsZlbt80cgbAvnsRI3mvg6+CcppEINXsHt5pjl/QqM root@ubuntu-xenial (DSA)
<14>Jul 31 15:08:59 ec2: 256 SHA256:cZ+Nh1YcEbsYHA9r/r3LhgZ/2t+yxY7jHB+XONWqUQs root@ubuntu-xenial (ECDSA)
<14>Jul 31 15:08:59 ec2: 256 SHA256:kNr+aLzc75bHo8jWd20jaUZG812Oq435t5Iwrp/WHbs root@ubuntu-xenial (ED25519)
<14>Jul 31 15:08:59 ec2: 2048 SHA256:wIEgjgNtH1xPr12DcDfkUHgOQTVwr4uc4hH/0Vnjmk8 root@ubuntu-xenial (RSA)
<14>Jul 31 15:08:59 ec2: -----END SSH HOST KEY FINGERPRINTS-----
<14>Jul 31 15:08:59 ec2: #############################################################
-----BEGIN SSH HOST KEY KEYS-----
ecdsa-sha2-nistp256 AAAAE2VjZHNhLXNoYTItbmlzdHAyNTYAAAAIbmlzdHAyNTYAAABBBNSpkmNeX2BTKzPoovzmQ3Z/zntzY1Ew+Off3LcRQ4q/mOVdvYQmTY32gGrv8pOIj3oeX5F4gzU+bJIaRYt20Kg= root@ubuntu-xenial
ssh-ed25519 AAAAC3NzaC1lZDI1NTE5AAAAIIWlTmCHIvrTJ10d6hm3aMIpGV184qxCUJY/k2C6KmLn root@ubuntu-xenial
ssh-rsa AAAAB3NzaC1yc2EAAAADAQABAAABAQCiCa7Wm2f4ywxWJj+zHnmLDPuQ9UoKg8qMhFB/8OxLd7b7xyLE1Ju0WkEgUchWYlW7cCSsFl/XHdI6j41P2i2sDSHCFT+rLtaXycXXv5vBpnNXwbzBEmv9V6tK/P0MyvwRgwA9rOIHEKdexZo3YLkXzrvybW14Gcw9vZICNFO/417ZT1ZNK4H1v65JO0cQM4a54dCsHTEopddeo/Zn1+ahkVfBJ6bRpjpcfNBSDJ7UY1Dt/ZNBk3CPsixbx+53Ao+HzhP6lZlMB9STKMlz25T6JjkCbNFGS3nOzfujVhfRjoWHBQv/C9Ku5iiJKjjIrdHfd8gx+0fHLEG4TuiJiyKb root@ubuntu-xenial
-----END SSH HOST KEY KEYS-----
[   23.949436] cloud-init[1416]: Cloud-init v. 18.2 running 'modules:final' at Tue, 31 Jul 2018 15:08:58 +0000. Up 23.34 seconds.
[   23.975240] cloud-init[1416]: ci-info: no authorized ssh keys fingerprints found for user ubuntu.
[   24.001861] cloud-init[1416]: Cloud-init v. 18.2 finished at Tue, 31 Jul 2018 15:08:59 +0000. Datasource DataSourceNoCloud [seed=/dev/sdb][dsmode=net].  Up 23.93 seconds
[[0;32m  OK  [0m] Started Execute cloud user/final scripts.
[[0;32m  OK  [0m] Reached target Cloud-init target.

Ubuntu 16.04.4 LTS default-ubuntu-1604 ttyS0

default-ubuntu-1604 login: 